[2026-07-09 16:45:09] 
[2026-07-09 16:45:12] [00:00:00.100]CPU0：35f553f -> e96b84 -> 7fae295 -> 6a8fd6e 
[2026-07-09 16:45:12] [00:00:00.100]CPU1：42c7e5f -> 8f3a1c -> 5b16f45 -> 5fb8c63 
[2026-07-09 16:45:12] [00:00:00.100]~~~~~~~~~~~~~~~~~~~~~~~~~~~~~~~~~~~~~~~~~~~~~~~~~~~
[2026-07-09 16:45:12] [00:00:00.100]         setup_arch
[2026-07-09 16:45:12] [00:00:00.100]~~~~~~~~~~~~~~~~~~~~~~~~~~~~~~~~~~~~~~~~~~~~~~~~~~~
[2026-07-09 16:45:12] [00:00:00.100][0-MSYS]--Reset Source : 0x1
[2026-07-09 16:45:12] [00:00:00.100]MSYS_P11_RST
[2026-07-09 16:45:12] [00:00:00.100][1-P11]--Reset Source : 0x40
[2026-07-09 16:45:12] [00:00:00.100]P11_P33_RST
[2026-07-09 16:45:12] [00:00:00.100][2-P33]--Reset Source : 0x1
[2026-07-09 16:45:12] [00:00:00.100]P33_VDDIO_POR_RST
[2026-07-09 16:45:12] [00:00:00.100]soff_port_sel0: 0x0
[2026-07-09 16:45:12] [00:00:00.100]soff_port_sel1: 0x0
[2026-07-09 16:45:12] [00:00:00.100]soff_port_sel2: 0x0
[2026-07-09 16:45:12] [00:00:00.100]soff_port_sel3: 0x0
[2026-07-09 16:45:12] [00:00:00.100]soff_port_sel4: 0x0
[2026-07-09 16:45:12] [00:00:00.100]soff_port_sel5: 0x0
[2026-07-09 16:45:12] [00:00:00.100]soff_port_sel6: 0x0
[2026-07-09 16:45:12] [00:00:00.100]soff_port_sel7: 0x0
[2026-07-09 16:45:12] [00:00:00.100]soff_port_sel8: 0x0
[2026-07-09 16:45:12] [00:00:00.100]soff_port_sel9: 0x0
[2026-07-09 16:45:12] [00:00:00.100]soff_port_sel10: 0x0
[2026-07-09 16:45:12] [00:00:00.100]soff_port_sel11: 0x0
[2026-07-09 16:45:12] [00:00:00.100]err priority 7 : priority 6 is reserved fot GIEMASK
[2026-07-09 16:45:12] [00:00:00.100]task: app_core, tcb @ 0x418854
[2026-07-09 16:45:12] [00:00:00.100]create_task app_core : stack:(0x400000,0x400ffc)
[2026-07-09 16:45:12] [00:00:00.100]create_task idle0 : stack:(0x401000,0x4017fc)
[2026-07-09 16:45:12] [00:00:00.100]err priority 7 : priority 6 is reserved fot GIEMASK
[2026-07-09 16:45:12] [00:00:00.100]err priority 7 : priority 6 is reserved fot GIEMASK
[2026-07-09 16:45:12] [00:00:00.100]err priority 7 : priority 6 is reserved fot GIEMASK
[2026-07-09 16:45:12] [00:00:00.100]create_task idle1 : stack:(0x401800,0x401ffc)
[2026-07-09 16:45:12] [00:00:00.100]=================Version===============
[2026-07-09 16:45:12] [00:00:00.100]-@20250506-$df066ff4
[2026-07-09 16:45:12] [00:00:00.101]=======================================
[2026-07-09 16:45:12] [00:00:00.102]JL_SFC->UNENC_ADRL 0x61f9fe0
[2026-07-09 16:45:12] [00:00:00.102]JL_SFC->UNENC_ADRL 0x7ffffff
[2026-07-09 16:45:12] 
[2026-07-09 16:45:12] 66 75 01 04 2E FF 00 10 9E 15 FD 51 69 AD FF FF 
[2026-07-09 16:45:12] [00:00:00.111]flash info not found!
[2026-07-09 16:45:12] [00:00:00.112]===================================================
[2026-07-09 16:45:12] [00:00:00.113] app.bin   begin 0x00000100,  end 0x000e3058,  r 
[2026-07-09 16:45:12] [00:00:00.113] prct      begin 0x00000000,  end 0x001fc000,  r 
[2026-07-09 16:45:12] [00:00:00.114] vm        begin 0x001fc000,  end 0x001fe000,  rw
[2026-07-09 16:45:12] [00:00:00.115]===================================================
[2026-07-09 16:45:12] [00:00:00.116][VM]vm_info:addr:0x1fc000, len:0x2000, mode:0x0
[2026-07-09 16:45:12] [00:00:00.116]>>>[test]:g_updata_flag = 0xc8c45a00
[2026-07-09 16:45:12] [00:00:00.123][USER_CFG]bt name config:T2403
[2026-07-09 16:45:12] [00:00:00.123][USER_CFG]read pair code err
[2026-07-09 16:45:12] [00:00:00.124][USER_CFG]tws pair code config:
[2026-07-09 16:45:12] 88 88 
[2026-07-09 16:45:12] [00:00:00.125][USER_CFG]rf config:9
[2026-07-09 16:45:12] [00:00:00.126]vol_init call 15, music 9, tone 10
[2026-07-09 16:45:12] [00:00:00.127][USER_CFG]warning_tone_v:3600 poweroff_tone_v:3200
[2026-07-09 16:45:12] [00:00:00.128][USER_CFG]auto off time config:
[2026-07-09 16:45:12] [00:00:00.128][USER_CFG]===> auto_off_time:2160000
[2026-07-09 16:45:12] [00:00:00.129][USER_CFG]mac:
[2026-07-09 16:45:12] DE 06 82 E5 F1 EC 
[2026-07-09 16:45:12] [00:00:00.129]task: jlstream, tcb @ 0x418b2c
[2026-07-09 16:45:12] [00:00:00.130]create_task jlstream : stack:(0x402000,0x402bfc)
[2026-07-09 16:45:12] [00:00:00.131]power config
[2026-07-09 16:45:12] [00:00:00.136]P11_HEAP_BEGIN = 0xf23f2c
[2026-07-09 16:45:12] [00:00:00.136]P11_HEAP_SIZE = 0x37d4
[2026-07-09 16:45:12] [00:00:00.137]P11_SYSTEM->MEM_PWR_CON: 0x0, M2P_MEM_CONTROL: 0x3f
[2026-07-09 16:45:12] [00:00:00.175]LDOREF = 270
[2026-07-09 16:45:12] [00:00:00.176]vbat = 4976 mv
[2026-07-09 16:45:12] [00:00:00.176]vtemp = 951 mv
[2026-07-09 16:45:12] [00:00:00.177]audio_init
[2026-07-09 16:45:12] [00:00:00.177]audio_input_initcall
[2026-07-09 16:45:12] [00:00:00.178] audio_adc_file_init len 12, sizeof(cfg) 12
[2026-07-09 16:45:12] [00:00:00.178]audio_dac_initcall
[2026-07-09 16:45:12] [00:00:00.179][DAC]audio_dac_init
[2026-07-09 16:45:12] [00:00:00.179][DAC]>>>> buf time:50ms, buf_len : 4800
[2026-07-09 16:45:12] [00:00:00.180]audio_dut init
[2026-07-09 16:45:12] [00:00:00.181][CHARGE]charge_init
[2026-07-09 16:45:12] [00:00:00.182][CHARGE]low charge_trim_val = 7
[2026-07-09 16:45:12] [00:00:00.183][CHARGE]charge_full_v_val = 7
[2026-07-09 16:45:12] [00:00:00.183][CHARGE]charge_full_voltage = 4200 mV
[2026-07-09 16:45:12] [00:00:00.184][CHARGE]full_trim: 3, full_offset: 0, full_aim: 1
[2026-07-09 16:45:12] [00:00:00.205]iokey:0,prot:34,value:65,c_way:0 long_press_en:0 time:16s
[2026-07-09 16:45:12] [00:00:00.206]iokey:1,prot:103,value:66,c_way:0 long_press_en:0 time:8s
[2026-07-09 16:45:12] [00:00:00.207]iokey:2,prot:18,value:67,c_way:0 long_press_en:0 time:8s
[2026-07-09 16:45:12] [00:00:00.207]iokey:3,prot:20,value:68,c_way:0 long_press_en:0 time:8s
[2026-07-09 16:45:12] [00:00:00.208]iokey:4,prot:104,value:69,c_way:0 long_press_en:0 time:8s
[2026-07-09 16:45:12] [00:00:00.209][UPDATE]update module init ok
[2026-07-09 16:45:12] [00:00:00.210][TEST-UPDATE]testbox msg handle reg:601273a
[2026-07-09 16:45:12] [00:00:00.210]audio_online_debug_open
[2026-07-09 16:45:12] [00:00:00.212]task: dev_mg, tcb @ 0x418f04
[2026-07-09 16:45:12] [00:00:00.213]create_task dev_mg : stack:(0x402c00,0x4033fc)
[2026-07-09 16:45:12] [00:00:00.214]rtc_read_sys_time: 2000-1-1 0:0:0
[2026-07-09 16:45:12] [00:00:00.215]sdfile add start
[2026-07-09 16:45:12] [00:00:00.215]dev_manager_add can not find logo sdfile
[2026-07-09 16:45:12] [00:00:00.216][APP-UPDATE]<--------update_result_deal=0x5a00 c8c4--------->
[2026-07-09 16:45:12] [00:00:00.217]=================update_param_len:1008
[2026-07-09 16:45:12] [00:00:00.218]vbat: 4976
[2026-07-09 16:45:12] [00:00:00.218]vbat: 4976
[2026-07-09 16:45:12] [00:00:00.218]vbat: 4976
[2026-07-09 16:45:12] [00:00:00.218]vbat: 4976
[2026-07-09 16:45:12] [00:00:00.219]vbat: 4976
[2026-07-09 16:45:12] [00:00:00.219]vbat: 4976
[2026-07-09 16:45:12] [00:00:00.219]vbat: 4976
[2026-07-09 16:45:12] [00:00:00.220]vbat: 4976
[2026-07-09 16:45:12] [00:00:00.220]vbat: 4976
[2026-07-09 16:45:12] [00:00:00.220]vbat: 4976
[2026-07-09 16:45:12] [00:00:00.221]vbat: 4976
[2026-07-09 16:45:12] [00:00:00.221][APP_POWER_ON]power on
[2026-07-09 16:45:12] [00:00:00.222]tone_player_faild: tone_en/power_on.*
[2026-07-09 16:45:12] 
[2026-07-09 16:45:12] [00:00:00.222]<error>:[APP_POWER_ON]power on tone play err!!!
[2026-07-09 16:45:12] [00:00:00.223]
[2026-07-09 16:45:12]  ====== rdx_app_msg_handler event:0x6 
[2026-07-09 16:45:12] [00:00:00.224]
[2026-07-09 16:45:12]  ====== rdx_app_msg_handler event:0x9 
[2026-07-09 16:45:12] [00:00:00.225][APP_POWER_ON]exit power on mode
[2026-07-09 16:45:12] [00:00:00.225][EARPHONE]bt mode
[2026-07-09 16:45:12] [00:00:00.226]tone_player_faild: tone_en/bt.*
[2026-07-09 16:45:12] [00:00:00.226]<<<<<<<<<<<<<<bt_dual_conn_config=0>>>>>>>>>>
[2026-07-09 16:45:12] 
[2026-07-09 16:45:12] [00:00:00.228]-----edr + ble 's address-----
[2026-07-09 16:45:12] [00:00:00.228]le_support:3 1
[2026-07-09 16:45:12] [00:00:00.228]le_config:1 1 0 1
[2026-07-09 16:45:12] [00:00:00.229]task: btctrler, tcb @ 0x419220
[2026-07-09 16:45:12] [00:00:00.229]create_task btctrler : stack:(0x403400,0x403bfc)
[2026-07-09 16:45:12] [00:00:00.230]btadc clock set error, no this option !!!
[2026-07-09 16:45:12] [00:00:00.286]bredr_bd_init
[2026-07-09 16:45:12] [00:00:00.286]bredr_bd_init_success
[2026-07-09 16:45:13] [00:00:00.611]task: btstack, tcb @ 0x41eee4
[2026-07-09 16:45:13] [00:00:00.611]create_task btstack : stack:(0x403c00,0x4047fc)
[2026-07-09 16:45:13] [00:00:00.612]
[2026-07-09 16:45:13]  ====== rdx_app_msg_handler event:0x9 
[2026-07-09 16:45:13] [00:00:00.613]
[2026-07-09 16:45:13]  ====== rdx_app_msg_handler event:0xc 
[2026-07-09 16:45:13] [00:00:00.614]
[2026-07-09 16:45:13]  ====== rdx_app_msg_handler event:0xd 
[2026-07-09 16:45:13] [00:00:00.615]
[2026-07-09 16:45:13]  ====== rdx_app_msg_handler event:0xc 
[2026-07-09 16:45:13] [00:00:00.616][EARPHONE]BT_STATUS_INIT_OK
[2026-07-09 16:45:13] [00:00:00.616]################# multi_protocol init
[2026-07-09 16:45:13] [00:00:00.617]multi_protocol_profile_init 0x44000 1 1
[2026-07-09 16:45:13] [00:00:00.618]att_send need_size >= 6+1+188
[2026-07-09 16:45:13] [00:00:00.619]spp_file: apps/common/third_party_profile/jieli/online_db/spp_online_db.c
[2026-07-09 16:45:13] [00:00:00.620]app_spp_recieve_callback_register 420ff0
[2026-07-09 16:45:13] [00:00:00.620]-----------------------------------------------------------
[2026-07-09 16:45:13] [00:00:00.621]====== rdx_app_all_init --> protocol version = 24 
[2026-07-09 16:45:13] [00:00:00.622]-----------------------------------------------------------
[2026-07-09 16:45:13] [00:00:00.623][USER_CFG]sys_get_auto_off_time ===> auto_off_time: 2160000 s 
[2026-07-09 16:45:13] [00:00:00.624]rdx_ble_server_auto_shut_down_enable: 1
[2026-07-09 16:45:13] [00:00:00.625][POWEROFF]sys_auto_shut_down_enable
[2026-07-09 16:45:13] [00:00:00.625]sys_auto_shut_down_enable --> ble_conn: 0, k->conn_state: 0, rdx_app_get_dut_status: 0, rp->run: 3
[2026-07-09 16:45:13] [00:00:00.627]===> sys_auto_shut_down_enable --> auto_off_time: 2160000
[2026-07-09 16:45:12] 
[2026-07-09 16:45:13] [00:00:00.628]rdx_vm_init completed
[2026-07-09 16:45:13] [00:00:00.628]---------- rdx_vm_auth_info_init 
[2026-07-09 16:45:13] [00:00:00.629]flash capacity:200000 
[2026-07-09 16:45:13] C1 E0 36 00 54 32 36 32 30 4E 56 32 30 32 36 30 
[2026-07-09 16:45:13] 36 32 34 58 48 4D 30 30 30 30 30 32 2C 45 38 33 
[2026-07-09 16:45:13] 39 32 43 35 33 44 33 43 34 2C 54 32 36 32 30 4E 
[2026-07-09 16:45:13] 56 58 48 4D 30 30 30 30 30 32 FF FF FF FF FF FF 
[2026-07-09 16:45:13] FF FF FF FF FF FF FF FF FF FF FF FF FF FF FF FF 
[2026-07-09 16:45:13] FF FF FF FF FF FF FF FF FF FF FF FF FF FF FF FF 
[2026-07-09 16:45:13] FF FF FF FF FF FF FF FF FF FF FF FF FF FF FF FF 
[2026-07-09 16:45:13] FF FF FF FF FF FF FF FF FF FF FF FF FF FF FF FF 
[2026-07-09 16:45:13] [00:00:00.634]-------- rdx_ptr: 0x61fdf34 
[2026-07-09 16:45:13] [00:00:00.635]---- read flash success --> temp len: 54, temp: T2620NV20260624XHM000002,E8392C53D3C4,T2620NVXHM000002 
[2026-07-09 16:45:13] [00:00:00.636]rdx_vm_auth_info_init --> auth_key_part len: 24 
[2026-07-09 16:45:13] 54 32 36 32 30 4E 56 32 30 32 36 30 36 32 34 58 
[2026-07-09 16:45:13] 48 4D 30 30 30 30 30 32 00 
[2026-07-09 16:45:13] [00:00:00.638]----- read auth data from flash success, auth key: T2620NV20260624XHM000002 
[2026-07-09 16:45:12] 
[2026-07-09 16:45:13] [00:00:00.639]rdx_vm_auth_info_init --> t_buf: E8392C53D3C4 
[2026-07-09 16:45:12] 
[2026-07-09 16:45:13] [00:00:00.640]===> E8:39:2C:53:D3:C4 
[2026-07-09 16:45:13] C4 D3 53 2C 39 E8 
[2026-07-09 16:45:13] [00:00:00.641]---------- rdx_auth_info.label_sn: T2620NVXHM000002 
[2026-07-09 16:45:13] 
[2026-07-09 16:45:13] [00:00:00.642]=== read ep info from vm, result: -251
[2026-07-09 16:45:13] [00:00:00.643]---------- read ep info fail 
[2026-07-09 16:45:13] [00:00:00.643]===rdx_app_earphone_pack_readchardata --> readchardata: C,000000000000,000000000000,E8392C53D3C4,T2620NV20260624XHM000002,T2620NVXHM000002,000000000000 
[2026-07-09 16:45:13] 
[2026-07-09 16:45:13] [00:00:00.645]task: rdx_record_task, tcb @ 0x421018
[2026-07-09 16:45:13] [00:00:00.646]create_task rdx_record_task : stack:(0x404800,0x404ffc)
[2026-07-09 16:45:13] [00:00:00.647]$$$$$$ rdx_record_task_create success!!!
[2026-07-09 16:45:13] [00:00:00.648][rdx_record]rdx_record_task  
[2026-07-09 16:45:13] [00:00:00.648][RDX_RTC][HW] init: hw=default utc=2026-07-09 13:45:19 src=VM
[2026-07-09 16:45:13] [00:00:00.649][RDX_RTC][HW] set: utc=2026-07-09 13:45:19
[2026-07-09 16:45:13] [00:00:00.650][RDX_RTC] verify hw: utc=2026-07-09 13:45:19 OK
[2026-07-09 16:45:13] [00:00:00.651][RDX_RTC] verify vm: expected=1783575919 read=1783575919 OK
[2026-07-09 16:45:13] [00:00:00.670][DIP] init ON
[2026-07-09 16:45:13] 
[2026-07-09 16:45:13] [00:00:00.670]===> read err reboot flag ok, err_reboot_flag: 0 
[2026-07-09 16:45:13] [00:00:00.671]LED PT0807: SPI init ok, spi_clk=60000000, baud=8000000
[2026-07-09 16:45:13] 
[2026-07-09 16:45:13] [00:00:00.672]LED PT0807: Init ok, pixels=1, code_0=0x40, code_1=0x7C
[2026-07-09 16:45:13] 
[2026-07-09 16:45:13] [00:00:00.673]===== rdx_led_hardware_init --> LED PT0807 init success
[2026-07-09 16:45:13] [00:00:00.674]RDX LED Ctrl: Init ok
[2026-07-09 16:45:12] 
[2026-07-09 16:45:13] [00:00:00.675]===== rdx_led_hardware_init --> LED Ctrl init success
[2026-07-09 16:45:13] [00:00:00.676]===== Allocated fixed buffer: 32768 bytes =====
[2026-07-09 16:45:13] [00:00:00.677]task: uxfile, tcb @ 0x4211a4
[2026-07-09 16:45:13] [00:00:00.678]create_task uxfile : stack:(0x405000,0x408ffc)
[2026-07-09 16:45:13] [00:00:00.678]===== uxfile task created: 0 =====
[2026-07-09 16:45:13] [00:00:00.679]DAT file not found, init empty cache.
[2026-07-09 16:45:13] [00:00:00.680][UPGRADE] DAT scan completed before (flag=0xAA), trust existing DAT
[2026-07-09 16:45:13] [00:00:00.682][DAT_INIT] VM max_sn=4 > cache max_sn=0, use VM value
[2026-07-09 16:45:13] [00:00:00.683]===== Schedule sync after 2 seconds =====
[2026-07-09 16:45:13] [00:00:00.684]=== total_count:0, total_size:0, uxFileList.cur_num = 4 
[2026-07-09 16:45:13] [00:00:00.685][rdx_ble]====== rdx_ble_server_init
[2026-07-09 16:45:13] [00:00:00.685][rdx_ble]edr addr:
[2026-07-09 16:45:13] DE 06 82 E5 F1 EC 
[2026-07-09 16:45:13] [00:00:00.686]le_controller_get_mac success, ble mac: E8:39:2C:53:D3:C4 
[2026-07-09 16:45:13] [00:00:00.687]=====> ble mac --> E8392C53D3C4
[2026-07-09 16:45:13] [00:00:00.688]=====> label_sn --> T2620NVXHM000002
[2026-07-09 16:45:13] [00:00:00.689][rdx_ble]===> rdx_ble_server_get_local_name --> read local name success, current name: Beanstalk RKB 0002 
[2026-07-09 16:45:13] 02 01 0A 13 09 42 65 61 6E 73 74 61 6C 6B 20 52 
[2026-07-09 16:45:13] 4B 42 20 30 30 30 32 
[2026-07-09 16:45:13] [00:00:00.691]rdx_vm_get_bound_status: 1
[2026-07-09 16:45:13] [00:00:00.691]rdx_ble_server_fill_rsp_data -->ble mac: E8:39:2C:53:D3:C4 
[2026-07-09 16:45:13] [00:00:00.692]****** bd = 1, manu_data[len] = 0x00, manu_len = 17, ability = 000046E2 
[2026-07-09 16:45:13] 1A FF 36 30 33 E8 39 2C 53 D3 C4 5A 45 4E 43 48 
[2026-07-09 16:45:13] 44 40 E2 46 00 00 18 45 31 4E 56 
[2026-07-09 16:45:13] [00:00:00.695]=== rdx_ble_server_adv_interval_change_timer_start 
[2026-07-09 16:45:13] [00:00:00.696]set_address_for_adv_handle:0
[2026-07-09 16:45:13] 
[2026-07-09 16:45:13] C4 D3 53 2C 39 E8 
[2026-07-09 16:45:13] [00:00:00.697]set_address_for_adv_handle:0
[2026-07-09 16:45:13] 
[2026-07-09 16:45:13] C4 D3 53 2C 39 E8 
[2026-07-09 16:45:13] [00:00:00.697]===== rdx_adv_enable = 1 ret = 0
[2026-07-09 16:45:13] [00:00:00.699]RDX LED Scene: 0->1
[2026-07-09 16:45:13] 
[2026-07-09 16:45:13] [00:00:00.700]task: protocol_send_task, tcb @ 0x42fe64
[2026-07-09 16:45:13] [00:00:00.701]create_task protocol_send_task : stack:(0x409000,0x409ffc)
[2026-07-09 16:45:13] [00:00:00.702]rdx_protocol_send_task  
[2026-07-09 16:45:13] [00:00:00.702]$$$$$$ rdx_protocol_send_task success!!!
[2026-07-09 16:45:13] [00:00:00.703]task: protocol_recv_task, tcb @ 0x4219cc
[2026-07-09 16:45:13] [00:00:00.704]create_task protocol_recv_task : stack:(0x40a000,0x40affc)
[2026-07-09 16:45:13] [00:00:00.705]rdx_protocol_recv_task  
[2026-07-09 16:45:13] [00:00:00.705]task: bulk_data_send_task, tcb @ 0x4306c4
[2026-07-09 16:45:13] [00:00:00.706]create_task bulk_data_send_task : stack:(0x40b000,0x40bffc)
[2026-07-09 16:45:13] [00:00:00.707]$$$$$$ rdx_protocol_bulk_data_send_task success!!!
[2026-07-09 16:45:13] [00:00:00.708]$$$$$$ rdx_protocol_recv_task success!!!
[2026-07-09 16:45:13] [00:00:00.709][DUT]rdx_dut_init,L198--> Init: VM read ret=-251, vm_value=0xFF
[2026-07-09 16:45:13] [00:00:00.710][DUT]rdx_dut_init,L205--> Init: key_dut_disabled = 0 (enabled)
[2026-07-09 16:45:13] [00:00:00.711][POWEROFF]sys_auto_shut_down_enable
[2026-07-09 16:45:13] [00:00:00.711]sys_auto_shut_down_enable --> ble_conn: 0, k->conn_state: 0, rdx_app_get_dut_status: 0, rp->run: 3
[2026-07-09 16:45:13] [00:00:00.713]sd dev msg 53443000, 0, 60a26b4
[2026-07-09 16:45:13] [00:00:00.714]timer_no_response: app_core, 6010822, 20, 106950, 714, c0:btstack, c1:app_core
[2026-07-09 16:45:13] [00:00:00.715]task_info_get_pc_addr:app_core
[2026-07-09 16:45:13] [00:00:00.715]task app_core : sp - 0x400e0c
[2026-07-09 16:45:13] [00:00:00.716]reti : 0x115cce, rets : 0x6064b62, psr : 0x0
[2026-07-09 16:45:13] [00:00:00.716]R[0] : 0x0
[2026-07-09 16:45:13] [00:00:00.717]R[1] : 0x1
[2026-07-09 16:45:13] [00:00:00.717]R[2] : 0x800
[2026-07-09 16:45:13] [00:00:00.717]R[3] : 0x3ff86a
[2026-07-09 16:45:13] [00:00:00.718]R[4] : 0x0
[2026-07-09 16:45:13] [00:00:00.718]R[5] : 0x10fbe8
[2026-07-09 16:45:13] [00:00:00.718]R[6] : 0x10fbe0
[2026-07-09 16:45:13] [00:00:00.719]R[7] : 0xfff000
[2026-07-09 16:45:13] [00:00:00.719]R[8] : 0x1159c1
[2026-07-09 16:45:13] [00:00:00.719]R[9] : 0x115ab8
[2026-07-09 16:45:13] [00:00:00.720]R[10] : 0x115ad4
[2026-07-09 16:45:13] [00:00:00.720]R[11] : 0x115ae1
[2026-07-09 16:45:13] [00:00:00.720]R[12] : 0x115b14
[2026-07-09 16:45:13] [00:00:00.721]R[13] : 0x1159d9
[2026-07-09 16:45:13] [00:00:00.721]R[14] : 0x104b90
[2026-07-09 16:45:13] [00:00:00.722]R[15] : 0x2c6
[2026-07-09 16:45:13] [00:00:00.722]USP : 0x0
[2026-07-09 16:45:13] 01 00 00 00 62 4B 06 06 06 3F 11 00 84 73 10 00 
[2026-07-09 16:45:13] 00 00 00 00 04 8F 41 00 01 00 00 00 60 A5 0A 06 
[2026-07-09 16:45:13] 24 38 00 00 10 6C 10 00 40 25 0A 06 10 0F 40 00 
[2026-07-09 16:45:13] 90 4B 10 00 72 2B 0A 06 54 88 41 00 00 00 00 00 
[2026-07-09 16:45:13] 54 88 41 00 4A 39 11 00 72 2B 0A 06 24 73 10 00 
[2026-07-09 16:45:13] F4 0E 40 00 00 00 00 00 0D 00 10 00 15 00 00 00 
[2026-07-09 16:45:13] 54 88 41 00 62 4B 06 06 B2 3F 11 00 00 00 00 00 
[2026-07-09 16:45:13] 02 00 00 00 24 73 10 00 03 00 10 00 00 00 00 00 
[2026-07-09 16:45:13] CA 1E 00 00 24 38 00 00 10 6C 10 00 16 40 11 00 
[2026-07-09 16:45:13] 00 00 00 00 00 00 00 00 EC 1F 00 06 0E 00 00 00 
[2026-07-09 16:45:13] 00 00 00 00 C8 60 01 06 00 01 00 00 63 3B 0A 06 
[2026-07-09 16:45:13] 14 0F 40 00 15 0F 40 00 03 00 10 00 03 8C 10 00 
[2026-07-09 16:45:13] C4 44 02 06 AA 00 00 00 72 2B 0A 06 00 00 00 00 
[2026-07-09 16:45:13] 74 0F 40 00 00 00 00 00 0D 00 10 00 15 00 00 00 
[2026-07-09 16:45:13] 54 88 41 00 62 4B 06 06 B2 3F 11 00 00 00 00 00 
[2026-07-09 16:45:13] 02 00 00 00 00 00 00 00 2C 02 51 8E 0D E5 F1 EC 
[2026-07-09 16:45:13] 51 8E 00 00 AC 94 41 00 00 00 00 00 00 00 00 00 
[2026-07-09 16:45:13] 00 00 00 00 00 00 00 00 00 00 00 00 00 00 00 00 
[2026-07-09 16:45:13] 00 00 00 00 00 00 00 00 0D 00 10 00 09 00 00 00 
[2026-07-09 16:45:13] 02 00 00 00 00 00 00 00 02 00 00 00 84 56 10 00 
[2026-07-09 16:45:13] 00 00 00 00 2C 02 00 00 10 6C 10 00 19 09 00 00 
[2026-07-09 16:45:13] C0 F3 0A 06 00 00 00 00 D3 34 0B 06 00 5A 00 00 
[2026-07-09 16:45:13] D8 58 0C 06 40 25 0A 06 23 B8 1E F0 6E 68 01 06 
[2026-07-09 16:45:13] C4 C8 00 00 0D 00 10 00 09 00 00 00 00 00 00 00 
[2026-07-09 16:45:13] 00 00 00 00 8A 55 79 7A 28 8C 7F D4 BA C3 64 CF 
[2026-07-09 16:45:13] 44 4F 61 19 E9 5D DD F9 93 80 3B F0 0B 4B 4A C0 
[2026-07-09 16:45:13] 23 B8 1E F0 47 E9 3A 52 
[2026-07-09 16:45:13] ====== rdx_app_bt_status_event_handler event: 3 
[2026-07-09 16:45:13] [00:00:00.728]dual_conn_btstack_event_handler:3
[2026-07-09 16:45:13] [00:00:00.728]dual_conn BT_STATUS_INIT_OK
[2026-07-09 16:45:13] [00:00:00.729]page_state: 0, 0
[2026-07-09 16:45:13] [00:00:00.729]write_scan_conn_enable rets=0x60150d8
[2026-07-09 16:45:13] [00:00:00.730]write_scan_conn_enable=1,1
[2026-07-09 16:45:13] 
[2026-07-09 16:45:13] [00:00:00.731]write_scan_conn_enable=1,1
[2026-07-09 16:45:13] 
[2026-07-09 16:45:13] [00:00:00.731][PHONECALL] BT STATUS DEFAULT
[2026-07-09 16:45:13] [00:00:00.732]=======> app_common_device_event_handler: 0x53443000 
[2026-07-09 16:45:13] 
[2026-07-09 16:45:13] [00:00:00.733]DEVICE_EVENT_FROM_SD0
[2026-07-09 16:45:13] [00:00:00.733]DEVICE_EVENT_IN
[2026-07-09 16:45:13] [00:00:00.734]sd0 add start
[2026-07-09 16:45:13] [00:00:00.741]inquiry_scan: Zenchord Case
[2026-07-09 16:45:13] 
[2026-07-09 16:45:13] DE 06 82 E5 F1 EC 
[2026-07-09 16:45:13] 
[2026-07-09 16:45:13] iqs 34
[2026-07-09 16:45:13] ide 1000
[2026-07-09 16:45:13] I
[2026-07-09 16:45:13] [00:00:00.742]page_scan_enable
[2026-07-09 16:45:13] 
[2026-07-09 16:45:13] DE 06 82 E5 F1 EC 
[2026-07-09 16:45:13] 
[2026-07-09 16:45:13] iqs 34
[2026-07-09 16:45:13] pgs 34
[2026-07-09 16:45:13] ide 1000
[2026-07-09 16:45:13] [00:00:00.750]sd io init !
[2026-07-09 16:45:13] [00:00:00.764]timer_no_response: app_core, 6010822, 20, 106950, 764, c0:btstack, c1:IDLE1
[2026-07-09 16:45:13] [00:00:00.765]task_info_get_pc_addr:app_core
[2026-07-09 16:45:13] P
[2026-07-09 16:45:13] [00:00:00.794]timer_no_response: app_core, 6010822, 20, 106950, 794, c0:btstack, c1:IDLE1
[2026-07-09 16:45:13] [00:00:00.795]task_info_get_pc_addr:app_core
[2026-07-09 16:45:13] [00:00:00.824]timer_no_response: app_core, 6010822, 20, 106950, 824, c0:btstack, c1:IDLE1
[2026-07-09 16:45:13] [00:00:00.825]task_info_get_pc_addr:app_core
[2026-07-09 16:45:13] [00:00:00.854]timer_no_response: app_core, 6010822, 20, 106950, 854, c0:btstack, c1:IDLE1
[2026-07-09 16:45:13] [00:00:00.855]task_info_get_pc_addr:app_core
[2026-07-09 16:45:13] [00:00:00.884]timer_no_response: app_core, 6010822, 20, 106950, 884, c0:btstack, c1:IDLE1
[2026-07-09 16:45:13] [00:00:00.885]task_info_get_pc_addr:app_core
[2026-07-09 16:45:13] [00:00:00.914]timer_no_response: app_core, 6010822, 20, 106950, 914, c0:btstack, c1:IDLE1
[2026-07-09 16:45:13] [00:00:00.915]task_info_get_pc_addr:app_core
[2026-07-09 16:45:13] [00:00:00.944]timer_no_response: app_core, 6010822, 20, 106950, 944, c0:btstack, c1:IDLE1
[2026-07-09 16:45:13] [00:00:00.945]task_info_get_pc_addr:app_core
[2026-07-09 16:45:13] [00:00:00.974]timer_no_response: app_core, 6010822, 20, 106950, 974, c0:IDLE0, c1:IDLE1
[2026-07-09 16:45:13] [00:00:00.975]task_info_get_pc_addr:app_core
[2026-07-09 16:45:13] [00:00:01.004]timer_no_response: app_core, 6010822, 20, 106950, 1004, c0:IDLE0, c1:IDLE1
[2026-07-09 16:45:13] [00:00:01.005]task_info_get_pc_addr:app_core
[2026-07-09 16:45:13] [00:00:01.034]timer_no_response: app_core, 6010822, 20, 106950, 1034, c0:IDLE0, c1:IDLE1
[2026-07-09 16:45:13] [00:00:01.035]task_info_get_pc_addr:app_core
[2026-07-09 16:45:13] [00:00:01.064]timer_no_response: app_core, 6010822, 20, 106950, 1064, c0:IDLE0, c1:IDLE1
[2026-07-09 16:45:13] [00:00:01.065]task_info_get_pc_addr:app_core
[2026-07-09 16:45:13] [00:00:01.094]timer_no_response: app_core, 6010822, 20, 106950, 1094, c0:IDLE0, c1:IDLE1
[2026-07-09 16:45:13] [00:00:01.095]task_info_get_pc_addr:app_core
[2026-07-09 16:45:13] [00:00:01.112][SD-FMT] sd0 mount ok, skip format on boot
[2026-07-09 16:45:13] [00:00:01.112]__dev_manager_add, sd0 add ok, dev->fmnt = 431668,  0
[2026-07-09 16:45:13] [00:00:01.113]
[2026-07-09 16:45:13]  ====== rdx_app_msg_handler event:0xe 
[2026-07-09 16:45:13] [00:00:01.114]
[2026-07-09 16:45:13]  ====== rdx_app_msg_handler event:0x1a 
[2026-07-09 16:45:13] [00:00:01.115][POWEROFF]sys_auto_shut_down_enable
[2026-07-09 16:45:14] S<>w[]S<>w[]S<>w[]S<>w[]S<>w[]S<>w[]S<>w[]S<>w[]S<>w[]S<>w[]IPS<>w[]S<>w[]S<>w[]S<>w[]S<>w[]S<>w[]S<>w[]S<>w[]S<>w[]S<>w[]S<>w[]S<>w[]S<>w[]S<>w[]
[2026-07-09 16:45:14] [00:00:01.728]--------------- rdx_app_bt_shutdown 
[2026-07-09 16:45:14] [00:00:01.729]clr_device_in_page_list
[2026-07-09 16:45:14] [00:00:01.729]clr_device_in_page_list
[2026-07-09 16:45:14] [00:00:01.730]write_scan_conn_enable rets=0x6008242
[2026-07-09 16:45:14] [00:00:01.730]write_scan_conn_enable=0,0
[2026-07-09 16:45:13] 
[2026-07-09 16:45:14] [00:00:01.731]write_scan_conn_enable=0,0
[2026-07-09 16:45:13] 
[2026-07-09 16:45:14] pgs 34
[2026-07-09 16:45:14] ide 1000
[2026-07-09 16:45:14] P
[2026-07-09 16:45:14] ide 1000
[2026-07-09 16:45:14] [00:00:01.733]dac analog analog don't need close!!
[2026-07-09 16:45:14] [00:00:01.734]+++++ off 0
[2026-07-09 16:45:15] S<>w[]S<>w[]S<>w[]S<>w[]S<>w[]S<>w[]S<>w[]S<>w[]S<>w[]S<>w[]S<>w[]S<>w[]S<>w[]S<>w[]S<>w[]S<>w[]S<>w[]S<>w[]S<>w[]S<>w[]S<>w[]S<>w[]S<>w[]S<>w[]S<>w[]S<>w[]S<>w[]S<>w[]S<>w[]S<>w[]S<>w[]S<>w[]S<>w[]S<>w[]S<>w[]S<>w[]S<>w[]S<>w[]S<>w[]S<>w[]S<>w[]S<>w[]S<>w[]S<>w[]S<>w[]S<>w[]S<>w[]S<>w[]S<>w[]
[2026-07-09 16:45:15] [00:00:02.684]===== Delayed sync trigger (2s after boot) =====
[2026-07-09 16:45:15] [00:00:02.685]===== Start sync in uxfile task =====
[2026-07-09 16:45:15] [00:00:02.686]========== Start sync files with DAT (cache mode) ==========
[2026-07-09 16:45:15] 2F 55 58 46 49 4C 45 2E 44 41 54 00 00 00 00 00 
[2026-07-09 16:45:15] 00 00 00 00 00 00 00 00 00 00 00 00 00 00 00 00 
[2026-07-09 16:45:15] 00 00 00 00 00 00 00 00 00 00 00 00 00 00 00 00 
[2026-07-09 16:45:15] 00 00 00 00 00 00 00 00 00 00 00 00 00 00 00 00 
[2026-07-09 16:45:15] [00:00:02.696][SYNC] Loading DAT cache...
[2026-07-09 16:45:15] 2F 55 58 46 49 4C 45 2E 44 41 54 00 00 00 00 00 
[2026-07-09 16:45:15] 00 00 00 00 00 00 00 00 00 00 00 00 00 00 00 00 
[2026-07-09 16:45:15] 00 00 00 00 00 00 00 00 00 00 00 00 00 00 00 00 
[2026-07-09 16:45:15] 00 00 00 00 00 00 00 00 00 00 00 00 00 00 00 00 
[2026-07-09 16:45:15] [00:00:02.700]=== Stream loading DAT (323 bytes) ===
[2026-07-09 16:45:15] [00:00:02.707]=== DAT cache loaded: 2 records ===
[2026-07-09 16:45:15] [00:00:02.708]Cache has 2 records, checking file existence...
[2026-07-09 16:45:15] 2F 44 43 32 30 32 37 2E 52 41 57 00 00 00 00 00 
[2026-07-09 16:45:15] 00 00 00 00 00 00 00 00 00 00 00 00 00 00 00 00 
[2026-07-09 16:45:15] 00 00 00 00 00 00 00 00 00 00 00 00 00 00 00 00 
[2026-07-09 16:45:15] 00 00 00 00 00 00 00 00 00 00 00 00 00 00 00 00 
[2026-07-09 16:45:15] S<>w[]
[2026-07-09 16:45:15] 2F 38 44 38 44 31 31 2E 52 41 57 00 00 00 00 00 
[2026-07-09 16:45:15] 00 00 00 00 00 00 00 00 00 00 00 00 00 00 00 00 
[2026-07-09 16:45:15] 00 00 00 00 00 00 00 00 00 00 00 00 00 00 00 00 
[2026-07-09 16:45:15] 00 00 00 00 00 00 00 00 00 00 00 00 00 00 00 00 
[2026-07-09 16:45:15] [00:00:02.740][SYNC] Skip fscan phase (DAT 300-entry batch mode, no dir scan needed)
[2026-07-09 16:45:15] [00:00:02.741]========== Sync complete: removed 0 invalid records ==========
[2026-07-09 16:45:15] [00:00:02.742]
[2026-07-09 16:45:13] 
[2026-07-09 16:45:15] [00:00:02.742]==================== File List ====================
[2026-07-09 16:45:15] [00:00:02.743]Total: 2 files, Size: 12800 bytes (0.01 MB)
[2026-07-09 16:45:15] [00:00:02.744]Showing latest 2 files:
[2026-07-09 16:45:15] [00:00:02.745]----------------------------------------------------
[2026-07-09 16:45:15] [00:00:02.745] SN | FileName       |     Size | Scene
[2026-07-09 16:45:15] [00:00:02.746]----------------------------------------------------
[2026-07-09 16:45:15] [00:00:02.747]  4 | dc2027.raw     |     6560 | 0
[2026-07-09 16:45:15] [00:00:02.748]  2 | 8d8d11.raw     |     6240 | 0
[2026-07-09 16:45:15] [00:00:02.749]====================================================
[2026-07-09 16:45:16] S<>w[]S<>w[]S<>w[]S<>w[]S<>w[]S<>w[]S<>w[]S<>w[]S<>w[]S<>w[]S<>w[]S<>w[]S<>w[]S<>w[]S<>w[]S<>w[]S<>w[]S<>w[]S<>w[]S<>w[]S<>w[]S<>w[]S<>w[]S<>w[]S<>w[]S<>w[]S<>w[]S<>w[]S<>w[]S<>w[]S<>w[]S<>w[]S<>w[]S<>w[]S<>w[]S<>w[]S<>w[]S<>w[]S<>w[]S<>w[]S<>w[]S<>w[]S<>w[]S<>w[]S<>w[]S<>w[]
[2026-07-09 16:45:16] [00:00:03.684]========== [BOOT_FIX] Start quick fix ==========
[2026-07-09 16:45:16] 2F 50 45 4E 44 49 4E 47 2E 44 41 54 00 00 00 00 
[2026-07-09 16:45:16] 00 00 00 00 00 00 00 00 00 00 00 00 00 00 00 00 
[2026-07-09 16:45:16] 00 00 00 00 00 00 00 00 00 00 00 00 00 00 00 00 
[2026-07-09 16:45:16] 00 00 00 00 00 00 00 00 00 00 00 00 00 00 00 00 
[2026-07-09 16:45:16] [00:00:03.688][BOOT_FIX] No pending.dat, no crash recovery needed
[2026-07-09 16:45:19] S<>w[]S<>w[]S<>w[]S<>w[]S<>w[]S<>w[]S<>w[]S<>w[]S<>w[]S<>w[]S<>w[]S<>w[]S<>w[]S<>w[]S<>w[]S<>w[]S<>w[]S<>w[]S<>w[]S<>w[]S<>w[]S<>w[]S<>w[]S<>w[]S<>w[]S<>w[]S<>w[]S<>w[]S<>w[]S<>w[]S<>w[]S<>w[]S<>w[]S<>w[]S<>w[]S<>w[]S<>w[]S<>w[]S<>w[]S<>w[]S<>w[]S<>w[]S<>w[]S<>w[]S<>w[]S<>w[]S<>w[]S<>w[]S<>w[]S<>w[]S<>w[]S<>w[]S<>w[]S<>w[]S<>w[]S<>w[]S<>w[]S<>w[]S<>w[]S<>w[]S<>w[]S<>w[]S<>w[]S<>w[]S<>w[]S<>w[]S<>w[]S<>w[]S<>w[]S<>w[]S<>w[]S<>w[]S<>w[]S<>w[]S<>w[]S<>w[]S<>w[]S<>w[]S<>w[]S<>w[]S<>w[]S<>w[]S<>w[]S<>w[]S<>w[]S<>w[]S<>w[]S<>w[]S<>w[]S<>w[]S<>w[]S<>w[]S<>w[]S<>w[]S<>w[]S<>w[]S<>w[]S<>w[]S<>w[]S<>w[]S<>w[]S<>w[]S<>w[]S<>w[]S<>w[]S<>w[]S<>w[]S<>w[]S<>w[]S<>w[]S<>w[]S<>w[]S<>w[]S<>w[]S<>w[]S<>w[]S<>w[]S<>w[]S<>w[]S<>w[]S<>w[]S<>w[]S<>w[]S<>w[]S<>w[]S<>w[]S<>w[]S<>w[]S<>w[]S<>w[]S<>w[]S<>w[]S<>w[]S<>w[]S<>w[]S<>w[]S<>w[]S<>w[]S<>w[]S<>w[]S<>w[]S<>w[]S<>w[]S<>w[]S<>w[]S<>w[]S<>w[]S<>w[]S<>w[]S<>w[]S<>w[]S<>w[]S<>w[]S<>w[]S<>w[]S<>w[]S<>w[]S<>w[]S<>w[]
[2026-07-09 16:45:19] [00:00:07.409]
[2026-07-09 16:45:19]  ====== rdx_key_io_num_log: num_idx=1, action=0 
[2026-07-09 16:45:19] [00:00:07.410]=====> ble mac --> E8392C53D3C4
[2026-07-09 16:45:19] [00:00:07.411]=====> label_sn --> T2620NVXHM000002
[2026-07-09 16:45:19] [00:00:07.412][rdx_ble]===> rdx_ble_server_get_local_name --> read local name success, current name: Beanstalk RKB 0002 
[2026-07-09 16:45:19] [00:00:07.414]set_address_for_adv_handle:0
[2026-07-09 16:45:15] 
[2026-07-09 16:45:19] C4 D3 53 2C 39 E8 
[2026-07-09 16:45:19] [00:00:07.415]set_address_for_adv_handle:0
[2026-07-09 16:45:15] 
[2026-07-09 16:45:19] C4 D3 53 2C 39 E8 
[2026-07-09 16:45:19] [00:00:07.416][HOGP] HID advertising started
[2026-07-09 16:45:26] S<>w[]S<>w[]S<>w[]S<>w[]S<>w[]S<>w[]S<>w[]S<>w[]S<>w[]S<>w[]S<>w[]S<>w[]S<>w[]S<>w[]S<>w[]S<>w[]S<>w[]S<>w[]S<>w[]S<>w[]S<>w[]S<>w[]S<>w[]S<>w[]S<>w[]S<>w[]S<>w[]S<>w[]S<>w[]S<>w[]S<>w[]S<>w[]S<>w[]S<>w[]S<>w[]S<>w[]S<>w[]S<>w[]S<>w[]S<>w[]S<>w[]S<>w[]S<>w[]S<>w[]S<>w[]S<>w[]S<>w[]S<>w[]S<>w[]S<>w[]S<>w[]S<>w[]S<>w[]S<>w[]S<>w[]S<>w[]S<>w[]S<>w[]S<>w[]S<>w[]S<>w[]S<>w[]S<>w[]S<>w[]S<>w[]S<>w[]S<>w[]S<>w[]S<>w[]S<>w[]S<>w[]S<>w[]S<>w[]S<>w[]S<>w[]S<>w[]S<>w[]S<>w[]S<>w[]S<>w[]S<>w[]S<>w[]S<>w[]S<>w[]S<>w[]S<>w[]S<>w[]S<>w[]S<>w[]S<>w[]S<>w[]S<>w[]S<>w[]S<>w[]S<>w[]S<>w[]S<>w[]S<>w[]S<>w[]S<>w[]S<>w[]S<>w[]S<>w[]S<>w[]S<>w[]S<>w[]S<>w[]S<>w[]S<>w[]S<>w[]S<>w[]S<>w[]S<>w[]S<>w[]S<>w[]S<>w[]S<>w[]S<>w[]S<>w[]S<>w[]S<>w[]S<>w[]S<>w[]S<>w[]S<>w[]S<>w[]S<>w[]S<>w[]S<>w[]S<>w[]S<>w[]S<>w[]S<>w[]S<>w[]S<>w[]S<>w[]S<>w[]S<>w[]S<>w[]S<>w[]S<>w[]S<>w[]S<>w[]S<>w[]S<>w[]S<>w[]S<>w[]S<>w[]S<>w[]S<>w[]S<>w[]S<>w[]S<>w[]S<>w[]S<>w[]S<>w[]S<>w[]S<>w[]S<>w[]S<>w[]S<>w[]S<>w[]S<>w[]S<>w[]S<>w[]S<>w[]S<>w[]S<>w[]S<>w[]S<>w[]S<>w[]S<>w[]S<>w[]S<>w[]S<>w[]S<>w[]S<>w[]S<>w[]S<>w[]S<>w[]S<>w[]S<>w[]S<>w[]S<>w[]S<>w[]S<>w[]S<>w[]S<>w[]S<>w[]S<>w[]S<>w[]S<>w[]S<>w[]S<>w[]S<>w[]S<>w[]S<>w[]S<>w[]S<>w[]S<>w[]S<>w[]S<>w[]S<>w[]S<>w[]S<>w[]S<>w[]S<>w[]S<>w[]S<>w[]S<>w[]S<>w[]S<>w[]S<>w[]S<>w[]S<>w[]S<>w[]S<>w[]S<>w[]S<>w[]S<>w[]S<>w[]S<>w[]S<>w[]S<>w[]S<>w[]S<>w[]S<>w[]S<>w[]S<>w[]S<>w[]S<>w[]S<>w[]S<>w[]S<>w[]S<>w[]S<>w[]S<>w[]S<>w[]S<>w[]S<>w[]S<>w[]S<>w[]S<>w[]S<>w[]S<>w[]S<>w[]S<>w[]S<>w[]S<>w[]S<>w[]S<>w[]S<>w[]S<>w[]S<>w[]S<>w[]S<>w[]S<>w[]S<>w[]S<>w[]S<>w[]S<>w[]S<>w[]S<>w[]S<>w[]S<>w[]S<>w[]S<>w[]S<>w[]S<>w[]S<>w[]S<>w[]S<>w[]S<>w[]S<>w[]S<>w[]S<>w[]S<>w[]S<>w[]S<>w[]S<>w[]S<>w[]S<>w[]S<>w[]S<>w[]S<>w[]S<>w[]S<>w[]S<>w[]S<>w[]S<>w[]S<>w[]S<>w[]S<>w[]S<>w[]S<>w[]S<>w[]S<>w[]S<>w[]S<>w[]S<>w[]S<>w[]S<>w[]S<>w[]S<>w[]S<>w[]S<>w[]S<>w[]S<>w[]S<>w[]S<>w[]S<>w[]+
[2026-07-09 16:45:26] [00:00:13.918]sm_conn init->le public addr:
[2026-07-09 16:45:26] F3 3A 26 2C D2 BC 
[2026-07-09 16:45:26] [00:00:13.919]hci_vendor_LE_ADVERTISING_SET_TERMINATED:50---0 
[2026-07-09 16:45:26] [00:00:13.920]get_address_for_adv_handle
[2026-07-09 16:45:26] C4 D3 53 2C 39 E8 
[2026-07-09 16:45:26] [00:00:13.921]get_address_for_adv_handle
[2026-07-09 16:45:26] C4 D3 53 2C 39 E8 
[2026-07-09 16:45:26] [00:00:13.921]get_address_for_adv_handle
[2026-07-09 16:45:26] C4 D3 53 2C 39 E8 
[2026-07-09 16:45:26] [00:00:13.922][rdx_ble]HCI_SUBEVENT_LE_CONNECTION_COMPLETE: 50
[2026-07-09 16:45:26] S<>w[]S<>w[]-{}HOGP] conn complete hdl=0x0050
[2026-07-09 16:45:26] S<>w[]S<>w[]S<>w[]{}le]===== ATT MTU = 514
[2026-07-09 16:45:26] [00:00:14.011][rdx_ble]APP HCI_SUBEVENT_LE_DATA_LENGTH_CHANGE
[2026-07-09 16:45:26] S<>w[]S<>w[]S<>w[]{}S<>w[]S<>w[]S<>w[]{}
[2026-07-09 16:45:27] S<>w[]S<>w[]S<>w[]{}S<>w[]S<>w[]S<>w[]{}S<>w[]S<>w[]S<>w[]{}S<>w[]S<>w[]S<>w[]{}S<>w[]S<>w[]S<>w[]q0{}S<>w[]S<>w[]S<>w[]{}#{}{}{}{}S<>w[]S<>w[]S<>w[]{}S<>w[]S<>w[]S<>w[]{}S<>w[]S<>w[]S<>w[]{}S<>w[]S<>w[]S<>w[]{}#{}S<>w[]{}
[2026-07-09 16:45:27] [00:00:15.047]===PH2:sm_ltk:
[2026-07-09 16:45:27] CA 06 06 CB 47 2C FC BE 52 A3 52 07 20 2E 30 3C 
[2026-07-09 16:45:27] S<>w[]{}S<>w[]{}S<>w[]{}
[2026-07-09 16:45:27] [00:00:15.093][HOGP] encryption_change hdl=0x0050 enabled=1 status=0
[2026-07-09 16:45:27] S<>w[]{}S<>w[]q0{}S<>w[]{}S<>w[]ted
[2026-07-09 16:45:27] [00:00:15.152]get_address_for_adv_handle{}
[2026-07-09 16:45:27] C4 D3 53 2C 39 E8 
[2026-07-09 16:45:27] S<>w[]{}S<>w[]{}{}#{}
[2026-07-09 16:45:27] [00:00:15.204]<-------------read_callback, handle= 0x0003,buffer= 00000000 
[2026-07-09 16:45:27] [00:00:15.205]=====> ble mac --> E8392C53D3C4
[2026-07-09 16:45:27] [00:00:15.206]=====> label_sn --> T2620NVXHM000002
[2026-07-09 16:45:27] [00:00:15.206][rdx_ble]===> rdx_ble_server_get_local_name --> read local name success, current name: Beanstalk RKB 0002 
[2026-07-09 16:45:27] [00:00:15.208][rdx_ble]
[2026-07-09 16:45:27] att_value_len = 18 
[2026-07-09 16:45:27] [00:00:15.208]<-------------read_callback, handle= 0x0003,buffer= 001098a5 
[2026-07-09 16:45:27] [00:00:15.209]=====> ble mac --> E8392C53D3C4
[2026-07-09 16:45:27] [00:00:15.210]=====> label_sn --> T2620NVXHM000002
[2026-07-09 16:45:27] {}0:00:15.211][rdx_ble]===> rdx_ble_server_get_local_name --> read local name success, current name: Beanstalk RKB 0002 
[2026-07-09 16:45:27] [00:00:15.212][rdx_ble]
[2026-07-09 16:45:27] ------read gap_name: Beanstalk RKB 0002 
[2026-07-09 16:45:27] [00:00:15.213][rdx_ble]
[2026-07-09 16:45:27] att_value_len = 18 
[2026-07-09 16:45:27] [00:00:15.214][rdx_ble]APP HCI_SUBEVENT_LE_PHY_UPDATE Succ
[2026-07-09 16:45:27] [00:00:15.214][rdx_ble]Tx PHY: 2M
[2026-07-09 16:45:27] [00:00:15.215][rdx_ble]Rx PHY: 2M
[2026-07-09 16:45:28] {}S<>w[]{}S<>w[]{}{}S<>w[]q0{}S<>w[]{}S<>w[]{}S<>w[]{}S<>w[]{}S<>w[]{}S<>w[]{}S<>w[]{}S<>w[]{}S<>w[]{}S<>w[]{}S<>w[]{}S<>w[]{}S<>w[]{}S<>w[]{}S<>w[]{}S<>w[]{}S<>w[]{}S<>w[]{}S<>w[]{}S<>w[]{}
[2026-07-09 16:45:28] [00:00:15.588]<-------------read_callback, handle= 0x0020,buffer= 00000000 
[2026-07-09 16:45:28] [00:00:15.589][HOGP] read hdl=0x0020 offset=0 len=4
[2026-07-09 16:45:28] [00:00:15.589][rdx_ble]
[2026-07-09 16:45:28] att_value_len = 4 
[2026-07-09 16:45:28] [00:00:15.590]<-------------read_callback, handle= 0x0020,buffer= 001098a5 
[2026-07-09 16:45:28] [00:00:15.591][HOGP] read hdl=0x0020 offset=0 len=4
[2026-07-09 16:45:28] [00:00:15.592][rdx_ble]
[2026-07-09 16:45:28] S<>w[]{}{}len = 4 
[2026-07-09 16:45:28] [00:00:15.618]<-------------read_callback, handle= 0x001e,buffer= 00000000 
[2026-07-09 16:45:28] [00:00:15.619][HOGP] read hdl=0x001e offset=0 len=70
[2026-07-09 16:45:28] [00:00:15.620][rdx_ble]
[2026-07-09 16:45:28] att_value_len = 70 
[2026-07-09 16:45:28] [00:00:15.620]<-------------read_callback, handle= 0x001e,buffer= 001098a5 
[2026-07-09 16:45:28] [00:00:15.621][HOGP] read hdl=0x001e offset=0 len=70
[2026-07-09 16:45:28] [00:00:15.622][rdx_ble]
[2026-07-09 16:45:28] S<>w[]q0{}S<>w[]{}{}
[2026-07-09 16:45:28] [00:00:15.663]<-------------read_callback, handle= 0x001a,buffer= 00000000 
[2026-07-09 16:45:28] [00:00:15.664][HOGP] read hdl=0x001a offset=0 len=8
[2026-07-09 16:45:28] [00:00:15.665][rdx_ble]
[2026-07-09 16:45:28] att_value_len = 8 
[2026-07-09 16:45:28] [00:00:15.665]<-------------read_callback, handle= 0x001a,buffer= 001098a5 
[2026-07-09 16:45:28] [00:00:15.666][HOGP] read hdl=0x001a offset=0 len=8
[2026-07-09 16:45:28] [00:00:15.667][rdx_ble]
[2026-07-09 16:45:28] {}S<>w[]{}S<>w[]{}{}S<>w[]{}S<>w[]{}
[2026-07-09 16:45:28] [00:00:15.753]<-------------read_callback, handle= 0x001b,buffer= 00000000 
[2026-07-09 16:45:28] [00:00:15.754][rdx_ble]
[2026-07-09 16:45:28] att_value_len = 2 
[2026-07-09 16:45:28] [00:00:15.754]<-------------read_callback, handle= 0x001b,buffer= 001098a5 
[2026-07-09 16:45:28] [00:00:15.755][HOGP] CCC read hdl=0x001b cfg=0x0000
[2026-07-09 16:45:28] [00:00:15.756][rdx_ble]
[2026-07-09 16:45:28] S<>w[]{}{}S<>w[]{}S<>w[]{}S<>w[]{}{}S<>w[]{}S<>w[]{}S<>w[]{}{}S<>w[]{}S<>w[]{}
[2026-07-09 16:45:28] [00:00:15.933]<-------------read_callback, handle= 0x0015,buffer= 00000000 
[2026-07-09 16:45:28] [00:00:15.934][rdx_ble]
[2026-07-09 16:45:28] S<>w[]{}{}{}S<>w[]{}S<>w[]{}{}S<>w[]{}S<>w[]{}
[2026-07-09 16:45:28] [00:00:16.053]<-------------read_callback, handle= 0x000e,buffer= 00000000 
[2026-07-09 16:45:28] [00:00:16.054]===> rdx_battery_get_percent--> chr_state: 0, voltage = 4988 
[2026-07-09 16:45:28] [00:00:16.055]rdx_ble_server_att_read_callback --> master_bat: 100 
[2026-07-09 16:45:28] [00:00:16.056][rdx_ble]
[2026-07-09 16:45:28] att_value_len = 1 
[2026-07-09 16:45:28] [00:00:16.057]<-------------read_callback, handle= 0x000e,buffer= 001098a5 
[2026-07-09 16:45:28] [00:00:16.058]===> rdx_battery_get_percent--> chr_state: 0, voltage = 4988 
[2026-07-09 16:45:28] [00:00:16.059]rdx_ble_server_att_read_callback --> master_bat: 100 
[2026-07-09 16:45:28] [00:00:16.060][rdx_ble]
[2026-07-09 16:45:28] {}S<>w[]{}S<>w[]q0{}S<>w[]{}S<>w[]{}
[2026-07-09 16:45:28] [00:00:16.128]<-------------read_callback, handle= 0x000f,buffer= 00000000 
[2026-07-09 16:45:28] [00:00:16.129][rdx_ble]
[2026-07-09 16:45:28] S<>w[]{}S<>w[]{}S<>w[]{}S<>w[]{}S<>w[]{}S<>w[]{}S<>w[]{}S<>w[]{}
[2026-07-09 16:45:28] [00:00:16.248]<-------------read_callback, handle= 0x000b,buffer= 00000000 
[2026-07-09 16:45:28] [00:00:16.249][rdx_ble]
[2026-07-09 16:45:28] att_value_len = 95 
[2026-07-09 16:45:28] [00:00:16.250]<-------------read_callback, handle= 0x000b,buffer= 001098a5 
[2026-07-09 16:45:28] [00:00:16.251]rdx_ble_server_att_read_callback --> readchardata: C,000000000000,000000000000,E8392C53D3C4,T2620NV20260624XHM000002,T2620NVXHM000002,000000000000 
[2026-07-09 16:45:28] [00:00:16.253][rdx_ble]
[2026-07-09 16:45:28] {}S<>w[]{}S<>w[]{}S<>w[]{}
[2026-07-09 16:45:28] [00:00:16.308]<-------------read_callback, handle= 0x0009,buffer= 00000000 
[2026-07-09 16:45:28] [00:00:16.309][rdx_ble]
[2026-07-09 16:45:28] S<>w[]{}S<>w[]{}0 
[2026-07-09 16:45:28] [00:00:16.338]<-------------read_callback, handle= 0x0003,buffer= 00000000 
[2026-07-09 16:45:28] [00:00:16.340]=====> ble mac --> E8392C53D3C4
[2026-07-09 16:45:28] [00:00:16.340]=====> label_sn --> T2620NVXHM000002
[2026-07-09 16:45:28] [00:00:16.341][rdx_ble]===> rdx_ble_server_get_local_name --> read local name success, current name: Beanstalk RKB 0002 
[2026-07-09 16:45:28] [00:00:16.343][rdx_ble]
[2026-07-09 16:45:28] att_value_len = 18 
[2026-07-09 16:45:28] [00:00:16.343]<-------------read_callback, handle= 0x0003,buffer= 001098a5 
[2026-07-09 16:45:28] [00:00:16.344]=====> ble mac --> E8392C53D3C4
[2026-07-09 16:45:28] [00:00:16.345]=====> label_sn --> T2620NVXHM000002
[2026-07-09 16:45:28] [00:00:16.346][rdx_ble]===> rdx_ble_server_get_local_name --> read local name success, current name: Beanstalk RKB 0002 
[2026-07-09 16:45:28] [00:00:16.347][rdx_ble]
[2026-07-09 16:45:28] ------read gap_name: Beanstalk RKB 0002 
[2026-07-09 16:45:28] [00:00:16.348][rdx_ble]
[2026-07-09 16:45:29] {}S<>w[]{}S<>w[]{}S<>w[]{}S<>w[]{}S<>w[]{}S<>w[]q0{}{}S<>w[]{}q0{}S<>w[]{}S<>w[]{}{}{}S<>w[]{}S<>w[]{}{}{}S<>w[]{}S<>w[]{}
[2026-07-09 16:45:29] [00:00:16.639]<-------------read_callback, handle= 0x000e,buffer= 00000000 
[2026-07-09 16:45:29] [00:00:16.640]===> rdx_battery_get_percent--> chr_state: 0, voltage = 4988 
[2026-07-09 16:45:29] [00:00:16.641]rdx_ble_server_att_read_callback --> master_bat: 100 
[2026-07-09 16:45:29] [00:00:16.642][rdx_ble]
[2026-07-09 16:45:29] att_value_len = 1 
[2026-07-09 16:45:29] [00:00:16.642]<-------------read_callback, handle= 0x000e,buffer= 001098a5 
[2026-07-09 16:45:29] [00:00:16.643]===> rdx_battery_get_percent--> chr_state: 0, voltage = 4988 
[2026-07-09 16:45:29] [00:00:16.644]rdx_ble_server_att_read_callback --> master_bat: 100 
[2026-07-09 16:45:29] [00:00:16.645][rdx_ble]
[2026-07-09 16:45:29] {}S<>w[]{}S<>w[]{}S<>w[]{}{}{}S<>w[]{}S<>w[]{}{}{}S<>w[]{}S<>w[]{}{}{}S<>w[]{}S<>w[]q0{}{}
[2026-07-09 16:45:40] S<>w[]{}S<>w[]{}S<>w[]{}{}{}S<>w[]{}S<>w[]{}{}{}S<>w[]{}S<>w[]{}{}{}S<>w[]{}S<>w[]{}{}{}S<>w[]{}S<>w[]{}{}{}S<>w[]S<>w[]{}S<>w[]{}{}q0{}{}S<>w[]{}{}{}S<>w[]{}S<>w[]{}S<>w[]{}{}S<>w[]{}S<>w[]{}{}{}S<>w[]{}S<>w[]{}{}{}S<>w[]{}S<>w[]{}{}{}S<>w[]q0{}S<>w[]{}{}{}S<>w[]{}S<>w[]{}{}{}S<>w[]{}S<>w[]{}{}{}S<>w[]{}S<>w[]q0{}{}{}S<>w[]{}S<>w[]{}{}{}S<>w[]{}S<>w[]{}+{}-{}S<>w[]{}S<>w[]{}#{}{}S<>w[]{}S<>w[]+{}-{}{}S<>w[]{}S<>w[]{}{}{}S<>w[]{}S<>w[]{}{}{}S<>w[]{}S<>w[]{}{}S<>w[]{}{}S<>w[]{}{}{}S<>w[]{}S<>w[]{}{}{}{}S<>w[]{}{}{}{}S<>w[]{}{}{}{}S<>w[]{}{}{}{}S<>w[]{}{}+{}-{}S<>w[]{}{}{}{}S<>w[]+{}q0-{}{}{}S<>w[]{}{}q0{}{}S<>w[]{}{}{}{}S<>w[]{}q0{}{}{}S<>w[]{}{}{}{}S<>w[]{}#{}{}{}S<>w[]{}{}{}{}S<>w[]{}{}+{}-{}S<>w[]{}{}{}{}S<>w[]{}S<>w[]{}{}+{}S<>w[]+{}-{}{}{}S<>w[]{}{}+{}+{}S<>w[]-{}+{}-{}{}S<>w[]{}{}{}{}S<>w[]{}{}{}{}S<>w[]{}{}{}{}S<>w[]{}{}{}{}S<>w[]+{}-{}+{}-{}S<>w[]{}{}{}{}S<>w[]{}{}S<>w[]{}{}S<>w[]{}{}S<>w[]{}{}S<>w[]{}{}S<>w[]{}{}S<>w[]{}{}S<>w[]{}{}S<>w[]{}q0{}S<>w[]{}{}S<>w[]{}S<>w[]{}{}S<>w[]{}S<>w[]{}{}S<>w[]{}S<>w[]{}S<>w[]{}{}{}{}S<>w[]{}{}S<>w[]{}{}S<>w[]{}{}S<>w[]{}S<>w[]{}S<>w[]{}{}S<>w[]{}{}S<>w[]{}{}S<>w[]{}{}S<>w[]{}{}S<>w[]{}{}S<>w[]{}{}S<>w[]{}{}S<>w[]{}{}{}{}S<>w[]{}{}S<>w[]{}{}S<>w[]{}S<>w[]{}S<>w[]q0{}{}S<>w[]{}q0{}S<>w[]+{}S<>w[]-{}S<>w[]{}{}S<>w[]{}{}S<>w[]{}{}S<>w[]{}+{}S<>w[]-{}S<>w[]{}S<>w[]{}{}S<>w[]{}{}S<>w[]{}S<>w[]{}S<>w[]{}{}S<>w[]{}S<>w[]{}S<>w[]{}{}S<>w[]{}{}S<>w[]{}{}{}{}S<>w[]{}{}{}q0{}S<>w[]{}{}{}{}S<>w[]{}{}{}{}S<>w[]#{}{}{}{}S<>w[]{}{}S<>w[]{}{}{}{}S<>w[]{}{}S<>w[]{}S<>w[]{}S<>w[]q0{}{}{}{}S<>w[]{}{}{}{}S<>w[]{}{}{}{}S<>w[]{}{}{}{}S<>w[]{}S<>w[]{}{}{}S<>w[]{}S<>w[]{}{}{}S<>w[]{}{}{}{}S<>w[]{}{}{}{}S<>w[]{}{}{}{}S<>w[]{}S<>w[]{}S<>w[]{}{}S<>w[]{}S<>w[]{}S<>w[]{}{}S<>w[]{}S<>w[]{}{}S<>w[]{}S<>w[]{}S<>w[]{}{}{}S<>w[]{}S<>w[]{}{}{}S<>w[]{}S<>w[]{}{}{}S<>w[]{}S<>w[]{}{}{}S<>w[]{}S<>w[]{}{}{}S<>w[]{}S<>w[]{}{}{}S<>w[]+{}S<>w[]-{}{}{}{}S<>w[]{}{}{}S<>w[]{}S<>w[]{}{}{}S<>w[]{}S<>w[]{}{}{}S<>w[]{}S<>w[]{}{}{}S<>w[]{}S<>w[]{}{}{}S<>w[]{}S<>w[]{}{}{}S<>w[]{}S<>w[]{}{}{}S<>w[]{}S<>w[]{}{}{}S<>w[]{}S<>w[]{}{}{}S<>w[]{}S<>w[]{}{}{}S<>w[]{}S<>w[]{}{}{}S<>w[]{}{}{}{}S<>w[]{}S<>w[]{}{}{}S<>w[]{}S<>w[]{}{}{}S<>w[]{}S<>w[]+{}-{}{}S<>w[]{}S<>w[]{}{}{}S<>w[]{}S<>w[]{}S<>w[]{}{}S<>w[]{}S<>w[]{}{}{}S<>w[]{}S<>w[]{}{}{}S<>w[]{}S<>w[]#{}{}{}S<>w[]{}S<>w[]+{}-{}{}S<>w[]{}S<>w[]{}{}{}S<>w[]{}S<>w[]{}{}{}S<>w[]{}S<>w[]{}{}{}S<>w[]{}S<>w[]{}{}{}S<>w[]{}S<>w[]{}{}{}S<>w[]{}S<>w[]{}{}{}S<>w[]{}S<>w[]{}{}{}S<>w[]{}S<>w[]{}{}{}S<>w[]{}S<>w[]{}{}{}S<>w[]q0{}S<>w[]{}{}{}S<>w[]{}S<>w[]{}{}{}S<>w[]{}S<>w[]{}{}{}S<>w[]{}S<>w[]{}{}{}S<>w[]{}S<>w[]{}{}{}S<>w[]q0{}S<>w[]{}{}{}S<>w[]{}S<>w[]{}{}S<>w[]{}S<>w[]{}S<>w[]{}{}{}S<>w[]{}S<>w[]{}{}{}S<>w[]{}S<>w[]{}{}{}S<>w[]{}S<>w[]q0{}{}{}S<>w[]{}S<>w[]{}{}{}S<>w[]{}S<>w[]{}{}{}S<>w[]{}S<>w[]{}{}{}S<>w[]{}S<>w[]{}{}{}{}S<>w[]{}{}S<>w[]{}{}S<>w[]{}{}S<>w[]{}{}S<>w[]{}{}S<>w[]{}{}S<>w[]{}{}S<>w[]{}{}S<>w[]{}{}S<>w[]{}{}S<>w[]{}{}S<>w[]{}{}S<>w[]+{}S<>w[]+{}S<>w[]+{}S<>w[]-{}S<>w[]+{}S<>w[]+{}S<>w[]-{}{}S<>w[]{}{}S<>w[]{}{}S<>w[]{}{}S<>w[]{}{}S<>w[]{}q0{}S<>w[]{}{}S<>w[]{}{}S<>w[]{}{}S<>w[]{}{}S<>w[]{}{}S<>w[]{}{}S<>w[]{}{}S<>w[]{}{}S<>w[]{}{}S<>w[]{}{}S<>w[]{}#{}S<>w[]{}{}S<>w[]{}q0{}S<>w[]{}{}S<>w[]{}{}S<>w[]{}S<>w[]{}S<>w[]{}q0{}S<>w[]{}{}S<>w[]{}{}S<>w[]{}{}S<>w[]{}{}S<>w[]{}{}S<>w[]{}{}S<>w[]{}{}S<>w[]{}{}S<>w[]{}{}S<>w[]{}q0{}S<>w[]{}{}S<>w[]{}{}S<>w[]{}{}S<>w[]{}{}S<>w[]q0{}{}S<>w[]{}{}S<>w[]{}S<>w[]{}S<>w[]{}{}S<>w[]{}+{}S<>w[]-{}{}S<>w[]q0{}{}S<>w[]{}{}S<>w[]{}{}S<>w[]{}{}S<>w[]{}{}S<>w[]{}{}S<>w[]{}{}S<>w[]{}+{}S<>w[]-{}{}S<>w[]{}{}S<>w[]{}{}S<>w[]{}{}S<>w[]{}{}S<>w[]{}{}S<>w[]{}{}{}{}{}{}q0{}{}{}{}{}{}{}{}{}{}{}{}{}{}{}{}{}{}
[2026-07-09 16:45:40] [00:00:28.038]
[2026-07-09 16:45:40]  ====== rdx_key_io_num_log: num_idx=3, action=0 
[2026-07-09 16:45:40] {}0:00:28.039][HOGP] key_send idx=1 pressed=1 report=00 00 05 00 00 00 00 00 conn=1 notify=1 encrypted=1
[2026-07-09 16:45:40] {}0:00:28.041][HOGP] key_send ret=0
[2026-07-09 16:45:40] [00:00:28.062][HOGP] key_send idx=1 pressed=0 report=00 00 00 00 00 00 00 00 conn=1 notify=1 encrypted=1
[2026-07-09 16:45:44] {}{}{}{}{}{}S<>w[]{}{}q0{}{}S<>w[]{}{}{}{}S<>w[]{}{}{}{}S<>w[]{}{}{}{}S<>w[]{}{}{}{}S<>w[]{}{}S<>w[]q0{}{}S<>w[]{}{}{}{}S<>w[]{}{}{}{}S<>w[]{}{}{}{}S<>w[]{}{}{}{}S<>w[]{}{}{}q0{}S<>w[]{}{}{}{}S<>w[]{}{}{}{}{}S<>w[]{}#{}{}S<>w[]{}{}{}{}S<>w[]{}{}{}{}S<>w[]{}{}{}{}S<>w[]{}{}{}{}S<>w[]{}{}{}{}S<>w[]{}{}+{}+{}S<>w[]-{}{}S<>w[]{}S<>w[]{}S<>w[]{}{}S<>w[]{}S<>w[]{}S<>w[]{}{}S<>w[]{}S<>w[]{}S<>w[]{}{}S<>w[]{}S<>w[]{}S<>w[]{}{}S<>w[]{}S<>w[]{}S<>w[]{}{}S<>w[]{}S<>w[]{}S<>w[]{}S<>w[]{}S<>w[]{}{}S<>w[]{}S<>w[]{}S<>w[]{}S<>w[]{}S<>w[]{}S<>w[]{}S<>w[]{}S<>w[]{}S<>w[]{}S<>w[]{}S<>w[]{}S<>w[]{}S<>w[]{}{}{}S<>w[]{}S<>w[]{}{}S<>w[]{}S<>w[]{}S<>w[]{}S<>w[]{}q0{}S<>w[]{}S<>w[]{}S<>w[]{}S<>w[]{}S<>w[]{}S<>w[]{}S<>w[]{}S<>w[]{}{}S<>w[]{}{}{}S<>w[]{}S<>w[]{}S<>w[]{}S<>w[]{}S<>w[]{}S<>w[]{}S<>w[]{}S<>w[]{}S<>w[]{}S<>w[]{}S<>w[]{}S<>w[]{}S<>w[]q0{}S<>w[]{}S<>w[]{}S<>w[]{}S<>w[]{}S<>w[]{}S<>w[]{}S<>w[]{}S<>w[]q0{}S<>w[]{}S<>w[]{}S<>w[]{}S<>w[]{}S<>w[]{}S<>w[]{}{}S<>w[]{}S<>w[]{}S<>w[]{}S<>w[]{}S<>w[]{}S<>w[]{}S<>w[]{}S<>w[]{}S<>w[]{}S<>w[]{}S<>w[]{}S<>w[]{}{}{}{}{}{}{}{}S<>w[]{}S<>w[]{}{}{}S<>w[]{}S<>w[]{}{}{}S<>w[]{}S<>w[]{}{}{}S<>w[]{}S<>w[]{}S<>w[]+{}+{}S<>w[]-{}S<>w[]{}{}{}S<>w[]{}S<>w[]{}{}q0{}S<>w[]{}{}{}{}{}{}{}{}{}{}{}{}{}{}{}{}{}{}{}{}{}{}+{}-{}
[2026-07-09 16:45:44] [00:00:31.710]
[2026-07-09 16:45:44]  ====== rdx_key_io_num_log: num_idx=3, action=0 
[2026-07-09 16:45:44] [00:00:31.711][HOGP] key_send idx=1 pressed=1 report=00 00 05 00 00 00 00 00 conn=1 notify=1 encrypted=1
[2026-07-09 16:45:44] {}{}00:31.713][HOGP] key_send ret=0
[2026-07-09 16:45:44] [00:00:31.734][HOGP] key_send idx=1 pressed=0 report=00 00 00 00 00 00 00 00 conn=1 notify=1 encrypted=1
[2026-07-09 16:45:46] {}q0{}{}{}{}{}S<>w[]{}S<>w[]{}{}{}S<>w[]{}S<>w[]{}{}{}S<>w[]#{}S<>w[]{}{}{}S<>w[]{}S<>w[]{}{}{}S<>w[]{}S<>w[]{}{}{}S<>w[]{}S<>w[]{}{}{}S<>w[]{}S<>w[]{}{}{}S<>w[]{}S<>w[]{}{}{}S<>w[]{}S<>w[]{}{}{}S<>w[]{}S<>w[]{}{}{}S<>w[]{}S<>w[]{}{}{}S<>w[]{}S<>w[]{}{}{}S<>w[]{}S<>w[]{}{}{}S<>w[]{}S<>w[]{}{}{}S<>w[]{}S<>w[]{}{}{}S<>w[]{}S<>w[]{}{}{}S<>w[]{}S<>w[]{}{}{}S<>w[]{}S<>w[]{}{}{}S<>w[]{}S<>w[]{}{}{}S<>w[]{}S<>w[]{}{}{}S<>w[]{}S<>w[]q0{}{}{}S<>w[]{}S<>w[]{}{}{}S<>w[]{}S<>w[]{}{}{}{}S<>w[]{}{}{}{}S<>w[]{}{}{}{}S<>w[]q0{}{}{}{}S<>w[]{}{}{}{}S<>w[]{}{}{}{}S<>w[]{}{}{}{}S<>w[]{}{}{}{}S<>w[]{}{}{}{}{}{}{}{}{}{}{}{}{}{}{}{}{}{}{}+{}-{}{}{}{}{}{}{}{}
[2026-07-09 16:45:46] [00:00:34.057]
[2026-07-09 16:45:46]  ====== rdx_key_io_num_log: num_idx=3, action=0 
[2026-07-09 16:45:46] [00:00:34.058][HOGP] key_send idx=1 pressed=1 report=00 00 05 00 00 00 00 00 conn=1 notify=1 encrypted=1
[2026-07-09 16:45:46] {}0:00:34.059][HOGP] key_send ret=0
[2026-07-09 16:45:46] [00:00:34.080][HOGP] key_send idx=1 pressed=0 report=00 00 00 00 00 00 00 00 conn=1 notify=1 encrypted=1
[2026-07-09 16:45:48] {}{}{}{}{}S<>w[]{}q0{}S<>w[]{}{}{}{}S<>w[]{}{}{}{}S<>w[]{}{}{}{}S<>w[]{}{}{}{}S<>w[]{}{}#{}{}S<>w[]{}{}{}{}S<>w[]{}{}{}{}S<>w[]{}{}{}S<>w[]{}S<>w[]{}{}{}{}S<>w[]{}{}{}{}S<>w[]{}{}{}{}S<>w[]{}{}{}{}S<>w[]{}{}{}{}S<>w[]{}{}{}{}S<>w[]{}{}{}{}S<>w[]{}{}{}{}S<>w[]{}{}{}{}{}{}{}{}{}{}{}{}{}{}{}{}{}q0{}{}{}{}{}{}{}{}{}
[2026-07-09 16:45:48] [00:00:35.538]
[2026-07-09 16:45:48]  ====== rdx_key_io_num_log: num_idx=2, action=0 
[2026-07-09 16:45:48] {}0:00:35.539][HOGP] key_send idx=0 pressed=1 report=00 00 04 00 00 00 00 00 conn=1 notify=1 encrypted=1
[2026-07-09 16:45:48] {}0:00:35.540][HOGP] key_send ret=0
[2026-07-09 16:45:48] [00:00:35.561][HOGP] key_send idx=0 pressed=0 report=00 00 00 00 00 00 00 00 conn=1 notify=1 encrypted=1
[2026-07-09 16:45:49] {}{}{}{}{}{}S<>w[]{}{}{}{}{}{}S<>w[]{}{}{}{}S<>w[]{}{}S<>w[]+{}-{}S<>w[]{}{}S<>w[]{}+{}S<>w[]-{}{}S<>w[]{}S<>w[]{}S<>w[]+{}-{}S<>w[]{}+{}S<>w[]-{}{}{}{}S<>w[]{}q0{}{}S<>w[]{}S<>w[]{}S<>w[]{}{}S<>w[]{}S<>w[]{}{}{}{}{}{}{}q0{}{}{}{}{}{}{}{}{}{}{}{}{}q0{}{}{}{}{}{}{}
[2026-07-09 16:45:49] [00:00:36.628]
[2026-07-09 16:45:49]  ====== rdx_key_io_num_log: num_idx=2, action=0 
[2026-07-09 16:45:49] [00:00:36.629][HOGP] key_send idx=0 pressed=1 report=00 00 04 00 00 00 00 00 conn=1 notify=1 encrypted=1
[2026-07-09 16:45:49] {}q0{}:36.630][HOGP] key_send ret=0
[2026-07-09 16:45:49] [00:00:36.651][HOGP] key_send idx=0 pressed=0 report=00 00 00 00 00 00 00 00 conn=1 notify=1 encrypted=1
[2026-07-09 16:45:50] {}{}{}{}{}S<>w[]{}{}S<>w[]{}{}S<>w[]{}S<>w[]{}S<>w[]{}{}S<>w[]{}{}S<>w[]{}{}S<>w[]{}{}S<>w[]{}{}S<>w[]#{}{}S<>w[]{}{}S<>w[]{}{}S<>w[]{}{}S<>w[]{}{}S<>w[]{}{}S<>w[]{}{}S<>w[]{}S<>w[]{}{}{}S<>w[]{}{}S<>w[]{}S<>w[]{}S<>w[]{}{}S<>w[]{}S<>w[]{}S<>w[]{}{}S<>w[]{}S<>w[]{}S<>w[]{}{}S<>w[]{}{}S<>w[]{}q0{}S<>w[]{}S<>w[]{}S<>w[]{}{}S<>w[]{}S<>w[]{}S<>w[]{}{}S<>w[]{}S<>w[]{}S<>w[]{}{}S<>w[]{}S<>w[]{}S<>w[]{}{}q0{}{}q0{}{}{}{}{}{}{}{}{}{}{}{}{}+{}-{}{}{}{}{}{}{}{}{}{}{}{}
[2026-07-09 16:45:50] [00:00:38.179]
[2026-07-09 16:45:50]  ====== rdx_key_io_num_log: num_idx=5, action=0 
[2026-07-09 16:45:50] {}0:00:38.180][HOGP] key_send idx=3 pressed=1 report=00 00 07 00 00 00 00 00 conn=1 notify=1 encrypted=1
[2026-07-09 16:45:50] {}0:00:38.182][HOGP] key_send ret=0
[2026-07-09 16:45:50] [00:00:38.204][HOGP] key_send idx=3 pressed=0 report=00 00 00 00 00 00 00 00 conn=1 notify=1 encrypted=1
[2026-07-09 16:45:51] {}{}{}{}{}{}S<>w[]{}{}S<>w[]{}{}S<>w[]{}{}S<>w[]{}S<>w[]{}S<>w[]{}S<>w[]{}S<>w[]{}{}S<>w[]{}{}S<>w[]{}S<>w[]{}S<>w[]{}{}S<>w[]{}S<>w[]{}S<>w[]{}{}S<>w[]{}S<>w[]{}S<>w[]{}{}S<>w[]{}S<>w[]{}{}{}S<>w[]{}S<>w[]{}{}{}S<>w[]{}S<>w[]{}S<>w[]{}{}S<>w[]{}{}{}{}{}{}{}{}{}{}q0{}{}q0{}{}{}{}{}{}{}{}{}{}{}{}
[2026-07-09 16:45:51] [00:00:39.209]
[2026-07-09 16:45:51]  ====== rdx_key_io_num_log: num_idx=5, action=0 
[2026-07-09 16:45:51] [00:00:39.210][HOGP] key_send idx=3 pressed=1 report=00 00 07 00 00 00 00 00 conn=1 notify=1 encrypted=1
[2026-07-09 16:45:51] {}0:00:39.212][HOGP] key_send ret=0
[2026-07-09 16:45:51] [00:00:39.233][HOGP] key_send idx=3 pressed=0 report=00 00 00 00 00 00 00 00 conn=1 notify=1 encrypted=1
[2026-07-09 16:45:53] {}{}{}{}{}S<>w[]{}{}S<>w[]{}S<>w[]{}S<>w[]{}S<>w[]{}S<>w[]{}S<>w[]{}S<>w[]{}S<>w[]{}S<>w[]{}#{}S<>w[]{}S<>w[]{}S<>w[]{}S<>w[]{}S<>w[]{}S<>w[]{}S<>w[]{}S<>w[]{}S<>w[]{}S<>w[]{}S<>w[]{}S<>w[]{}S<>w[]{}{}{}S<>w[]{}S<>w[]{}{}S<>w[]{}S<>w[]{}{}S<>w[]{}{}S<>w[]{}S<>w[]{}S<>w[]{}S<>w[]{}S<>w[]{}S<>w[]{}S<>w[]{}S<>w[]{}S<>w[]{}S<>w[]{}S<>w[]{}S<>w[]{}S<>w[]{}S<>w[]{}S<>w[]{}S<>w[]{}S<>w[]{}S<>w[]{}S<>w[]{}S<>w[]{}S<>w[]{}S<>w[]{}S<>w[]{}S<>w[]{}S<>w[]{}S<>w[]{}S<>w[]{}S<>w[]{}{}{}{}{}{}{}{}{}{}{}{}{}{}{}{}{}{}{}{}{}{}{}{}{}
[2026-07-09 16:45:53] [00:00:40.587]
[2026-07-09 16:45:53]  ====== rdx_key_io_num_log: num_idx=4, action=0 
[2026-07-09 16:45:53] [00:00:40.587][HOGP] key_send idx=2 pressed=1 report=00 00 06 00 00 00 00 00 conn=1 notify=1 encrypted=1
[2026-07-09 16:45:53] {}0:00:40.589][HOGP] key_send ret=0
[2026-07-09 16:45:53] [00:00:40.611][HOGP] key_send idx=2 pressed=0 report=00 00 00 00 00 00 00 00 conn=1 notify=1 encrypted=1
[2026-07-09 16:45:58] {}{}{}{}{}{}S<>w[]{}S<>w[]{}S<>w[]{}S<>w[]{}S<>w[]{}S<>w[]{}S<>w[]{}S<>w[]{}S<>w[]{}S<>w[]{}S<>w[]{}S<>w[]{}S<>w[]{}S<>w[]{}S<>w[]{}S<>w[]{}{}S<>w[]{}S<>w[]{}{}S<>w[]{}S<>w[]{}S<>w[]{}S<>w[]{}S<>w[]{}S<>w[]{}S<>w[]{}S<>w[]{}{}S<>w[]{}S<>w[]{}S<>w[]{}S<>w[]{}S<>w[]{}S<>w[]{}S<>w[]{}S<>w[]{}S<>w[]{}S<>w[]{}S<>w[]{}S<>w[]{}S<>w[]{}S<>w[]{}S<>w[]q0{}S<>w[]{}S<>w[]{}S<>w[]{}S<>w[]{}S<>w[]{}S<>w[]{}S<>w[]{}S<>w[]{}S<>w[]{}S<>w[]{}S<>w[]{}S<>w[]{}S<>w[]{}S<>w[]{}S<>w[]{}S<>w[]{}S<>w[]{}S<>w[]{}S<>w[]{}S<>w[]{}S<>w[]q0{}S<>w[]{}S<>w[]{}S<>w[]{}S<>w[]{}S<>w[]{}S<>w[]{}S<>w[]{}S<>w[]{}S<>w[]{}S<>w[]{}S<>w[]{}S<>w[]{}S<>w[]{}S<>w[]{}S<>w[]{}S<>w[]{}S<>w[]{}S<>w[]{}S<>w[]{}{}S<>w[]#{}{}S<>w[]{}{}S<>w[]{}{}S<>w[]{}{}S<>w[]{}{}S<>w[]{}{}S<>w[]{}{}S<>w[]{}{}S<>w[]{}{}S<>w[]{}{}S<>w[]q0{}{}S<>w[]{}{}S<>w[]{}{}S<>w[]{}{}S<>w[]{}{}S<>w[]{}{}S<>w[]{}{}S<>w[]{}{}S<>w[]{}+{}S<>w[]-{}{}S<>w[]q0{}{}S<>w[]{}{}S<>w[]{}S<>w[]{}S<>w[]{}{}S<>w[]{}{}S<>w[]{}{}S<>w[]{}{}S<>w[]q0{}{}S<>w[]{}{}S<>w[]{}{}S<>w[]{}{}S<>w[]{}{}S<>w[]{}{}S<>w[]{}{}S<>w[]{}{}S<>w[]{}S<>w[]{}S<>w[]{}S<>w[]{}S<>w[]{}{}S<>w[]{}{}S<>w[]{}{}S<>w[]{}{}S<>w[]{}{}S<>w[]{}{}S<>w[]{}{}S<>w[]{}{}S<>w[]{}{}S<>w[]{}{}S<>w[]{}{}S<>w[]{}{}S<>w[]{}{}S<>w[]{}{}S<>w[]{}{}S<>w[]{}{}S<>w[]{}+{}S<>w[]-{}{}S<>w[]{}{}S<>w[]{}S<>w[]{}S<>w[]{}{}S<>w[]{}{}{}{}S<>w[]{}{}S<>w[]{}{}S<>w[]{}{}S<>w[]{}+{}S<>w[]-{}{}S<>w[]{}{}S<>w[]{}{}S<>w[]{}{}S<>w[]{}{}S<>w[]{}{}S<>w[]{}{}S<>w[]{}{}S<>w[]{}{}S<>w[]{}{}S<>w[]{}{}S<>w[]{}{}S<>w[]{}{}S<>w[]{}{}S<>w[]{}{}S<>w[]{}{}S<>w[]{}{}S<>w[]{}q0{}S<>w[]{}{}S<>w[]{}{}{}{}S<>w[]{}{}S<>w[]{}{}S<>w[]{}{}S<>w[]{}S<>w[]{}{}+{}S<>w[]-{}S<>w[]{}{}{}S<>w[]{}{}{}{}S<>w[]{}{}{}{}S<>w[]{}{}{}{}S<>w[]{}q0{}{}{}S<>w[]{}{}{}{}S<>w[]{}{}{}{}S<>w[]{}{}{}{}S<>w[]{}S<>w[]{}{}{}S<>w[]{}{}q0{}{}{}{}{}{}{}{}{}{}{}{}{}{}{}+{}-{}{}{}{}{}{}{}
[2026-07-09 16:45:58] [00:00:45.570]
[2026-07-09 16:45:58]  ====== rdx_key_io_num_log: num_idx=3, action=0 
[2026-07-09 16:45:58] [00:00:45.571][HOGP] key_send idx=1 pressed=1 report=00 00 05 00 00 00 00 00 conn=1 notify=1 encrypted=1
[2026-07-09 16:45:58] {}{}00:45.572][HOGP] key_send ret=0
[2026-07-09 16:45:58] [00:00:45.593][HOGP] key_send idx=1 pressed=0 report=00 00 00 00 00 00 00 00 conn=1 notify=1 encrypted=1
[2026-07-09 16:46:05] {}{}{}{}{}S<>w[]+{}-{}{}{}S<>w[]{}S<>w[]{}{}{}S<>w[]{}S<>w[]{}+{}+{}S<>w[]+{}S<>w[]-{}S<>w[]{}S<>w[]{}+{}+{}S<>w[]-{}S<>w[]{}{}+{}S<>w[]-{}S<>w[]{}{}{}S<>w[]+{}-{}{}{}S<>w[]{}S<>w[]{}{}{}S<>w[]{}S<>w[]{}{}{}S<>w[]{}S<>w[]{}{}{}S<>w[]{}S<>w[]{}{}{}S<>w[]{}S<>w[]{}{}{}S<>w[]{}S<>w[]{}{}{}{}S<>w[]{}{}{}S<>w[]{}S<>w[]q0{}{}{}S<>w[]{}S<>w[]{}{}{}S<>w[]{}S<>w[]{}{}{}S<>w[]{}S<>w[]{}{}{}S<>w[]{}S<>w[]{}{}{}S<>w[]{}S<>w[]{}{}{}{}S<>w[]{}{}{}S<>w[]{}{}#+{}-{}{}S<>w[]{}{}{}S<>w[]{}S<>w[]{}{}{}S<>w[]{}S<>w[]{}{}{}{}S<>w[]{}{}{}S<>w[]{}S<>w[]{}{}{}S<>w[]{}S<>w[]{}{}{}S<>w[]{}S<>w[]{}{}{}S<>w[]{}S<>w[]{}S<>w[]{}{}S<>w[]{}S<>w[]{}{}{}S<>w[]{}S<>w[]{}S<>w[]{}{}S<>w[]{}S<>w[]{}{}{}S<>w[]{}S<>w[]{}{}{}S<>w[]{}S<>w[]{}{}{}S<>w[]+{}S<>w[]-{}{}{}S<>w[]{}S<>w[]{}{}{}S<>w[]{}S<>w[]{}{}q0{}{}S<>w[]{}{}{}S<>w[]{}S<>w[]{}{}{}S<>w[]{}S<>w[]{}{}{}S<>w[]+{}S<>w[]-{}{}{}S<>w[]{}{}{}{}S<>w[]{}S<>w[]{}{}{}S<>w[]{}S<>w[]{}{}{}S<>w[]{}S<>w[]{}{}{}S<>w[]{}{}{}{}S<>w[]{}S<>w[]{}{}{}S<>w[]{}S<>w[]{}{}{}S<>w[]{}S<>w[]{}{}{}S<>w[]{}S<>w[]{}{}{}S<>w[]{}S<>w[]{}{}{}S<>w[]{}S<>w[]{}{}{}S<>w[]{}S<>w[]{}{}{}S<>w[]{}S<>w[]{}{}{}S<>w[]q0{}S<>w[]+{}-{}S<>w[]{}S<>w[]{}S<>w[]{}{}{}S<>w[]{}S<>w[]{}{}{}S<>w[]{}S<>w[]{}{}{}{}S<>w[]{}{}{}{}S<>w[]{}{}{}{}S<>w[]{}{}{}{}S<>w[]{}{}{}{}S<>w[]#{}{}{}{}S<>w[]{}{}{}{}S<>w[]q0{}q0{}{}{}S<>w[]{}{}{}{}S<>w[]{}{}{}{}S<>w[]{}{}{}{}S<>w[]{}{}{}{}S<>w[]{}{}{}{}{}{}{}S<>w[]{}S<>w[]{}{}{}{}S<>w[]+{}-{}{}{}S<>w[]{}{}+{}S<>w[]-{}S<>w[]{}{}{}{}{}S<>w[]{}{}{}S<>w[]{}{}{}q0{}S<>w[]{}{}{}{}S<>w[]{}{}{}{}S<>w[]{}{}S<>w[]{}{}S<>w[]{}{}S<>w[]{}{}S<>w[]{}{}S<>w[]{}{}S<>w[]{}{}{}{}S<>w[]{}{}S<>w[]{}S<>w[]{}S<>w[]{}{}S<>w[]{}{}S<>w[]{}+{}S<>w[]-{}S<>w[]{}S<>w[]{}{}S<>w[]{}{}S<>w[]{}{}S<>w[]{}{}S<>w[]{}{}S<>w[]{}{}S<>w[]{}{}S<>w[]{}S<>w[]{}S<>w[]{}{}S<>w[]{}{}{}{}S<>w[]{}{}S<>w[]{}{}S<>w[]{}{}S<>w[]q0{}{}S<>w[]{}S<>w[]{}S<>w[]{}{}S<>w[]{}{}S<>w[]+{}-{}S<>w[]{}{}S<>w[]{}{}S<>w[]q0{}{}S<>w[]{}{}S<>w[]{}{}S<>w[]{}{}S<>w[]{}{}S<>w[]{}{}S<>w[]{}{}S<>w[]{}{}S<>w[]{}{}S<>w[]q0{}{}S<>w[]{}{}S<>w[]{}{}S<>w[]{}{}S<>w[]{}{}{}#{}S<>w[]{}{}S<>w[]{}+{}S<>w[]-{}S<>w[]{}S<>w[]{}{}S<>w[]{}{}S<>w[]{}{}S<>w[]{}{}S<>w[]{}{}S<>w[]{}{}S<>w[]{}{}S<>w[]{}{}S<>w[]{}{}{}{}S<>w[]{}{}{}{}S<>w[]{}{}{}q0{}S<>w[]{}S<>w[]{}S<>w[]{}{}S<>w[]{}S<>w[]{}{}{}S<>w[]{}{}{}{}S<>w[]{}{}{}
